#-----------------------------------------------------------
# Vivado v2023.2 (64-bit)
# SW Build 4029153 on Fri Oct 13 20:13:54 MDT 2023
# IP Build 4028589 on Sat Oct 14 00:45:43 MDT 2023
# SharedData Build 4025554 on Tue Oct 10 17:18:54 MDT 2023
# Start of session at: Tue Mar  5 20:07:54 2024
# Process ID: 52158
# Current directory: /home/monsud/Scrivania/ASCON-hw/ASCON-hw.tmp/ascon_core_v1_0_project/ascon_core_v1_0_project.runs/impl_1
# Command line: vivado -log ascon_core_v1_0.vdi -applog -product Vivado -messageDb vivado.pb -mode batch -source ascon_core_v1_0.tcl -notrace
# Log file: /home/monsud/Scrivania/ASCON-hw/ASCON-hw.tmp/ascon_core_v1_0_project/ascon_core_v1_0_project.runs/impl_1/ascon_core_v1_0.vdi
# Journal file: /home/monsud/Scrivania/ASCON-hw/ASCON-hw.tmp/ascon_core_v1_0_project/ascon_core_v1_0_project.runs/impl_1/vivado.jou
# Running On: archbook, OS: Linux, CPU Frequency: 2624.552 MHz, CPU Physical cores: 4, Host memory: 8057 MB
#-----------------------------------------------------------
source ascon_core_v1_0.tcl -notrace
