Nothing to build in platform 'design_ascon_wrapper'

20:29:19 **** Incremental Build of configuration Debug for project ascon_app ****
make all 
make --no-print-directory pre-build
a9-linaro-pre-build-step
 
make --no-print-directory main-build
Building file: ../src/ascon_hw.c
Invoking: ARM v7 gcc compiler
arm-none-eabi-gcc -Wall -O0 -g3 -c -fmessage-length=0 -MT"src/ascon_hw.o" -mcpu=cortex-a9 -mfpu=vfpv3 -mfloat-abi=hard -I/home/monsud/Scrivania/ASCON-hw/workspace/design_ascon_wrapper/export/design_ascon_wrapper/sw/design_ascon_wrapper/standalone_ps7_cortexa9_0/bspinclude/include -MMD -MP -MF"src/ascon_hw.d" -MT"src/ascon_hw.o" -o "src/ascon_hw.o" "../src/ascon_hw.c"
../src/ascon_hw.c: In function 'ascon_128_encrypt':
../src/ascon_hw.c:40:19: warning: passing argument 1 of 'Xil_Out32' makes integer from pointer without a cast [-Wint-conversion]
   40 |         Xil_Out32((uint32_t*)(ptr + REG_KEY_0_OFFSET + i * sizeof(uint32_t)), key[i]);
      |                   ^~~~~~~~~~~~~~~~~~~~~~~~~~~~~~~~~~~~~~~~~~~~~~~~~~~~~~~~~~
      |                   |
      |                   uint32_t * {aka long unsigned int *}
In file included from ../src/ascon_hw.h:8,
                 from ../src/ascon_hw.c:1:
/home/monsud/Scrivania/ASCON-hw/workspace/design_ascon_wrapper/export/design_ascon_wrapper/sw/design_ascon_wrapper/standalone_ps7_cortexa9_0/bspinclude/include/xil_io.h:209:38: note: expected 'UINTPTR' {aka 'unsigned int'} but argument is of type 'uint32_t *' {aka 'long unsigned int *'}
  209 | static INLINE void Xil_Out32(UINTPTR Addr, u32 Value)
      |                              ~~~~~~~~^~~~
../src/ascon_hw.c:41:19: warning: passing argument 1 of 'Xil_Out32' makes integer from pointer without a cast [-Wint-conversion]
   41 |         Xil_Out32((uint32_t*)(ptr + REG_NONCE_0_OFFSET + i * sizeof(uint32_t)), nonce[i]);
      |                   ^~~~~~~~~~~~~~~~~~~~~~~~~~~~~~~~~~~~~~~~~~~~~~~~~~~~~~~~~~~~
      |                   |
      |                   uint32_t * {aka long unsigned int *}
/home/monsud/Scrivania/ASCON-hw/workspace/design_ascon_wrapper/export/design_ascon_wrapper/sw/design_ascon_wrapper/standalone_ps7_cortexa9_0/bspinclude/include/xil_io.h:209:38: note: expected 'UINTPTR' {aka 'unsigned int'} but argument is of type 'uint32_t *' {aka 'long unsigned int *'}
  209 | static INLINE void Xil_Out32(UINTPTR Addr, u32 Value)
      |                              ~~~~~~~~^~~~
../src/ascon_hw.c:42:19: warning: passing argument 1 of 'Xil_Out32' makes integer from pointer without a cast [-Wint-conversion]
   42 |         Xil_Out32((uint32_t*)(ptr + REG_PT_0_OFFSET + i * sizeof(uint32_t)), plaintext[i]);
      |                   ^~~~~~~~~~~~~~~~~~~~~~~~~~~~~~~~~~~~~~~~~~~~~~~~~~~~~~~~~
      |                   |
      |                   uint32_t * {aka long unsigned int *}
/home/monsud/Scrivania/ASCON-hw/workspace/design_ascon_wrapper/export/design_ascon_wrapper/sw/design_ascon_wrapper/standalone_ps7_cortexa9_0/bspinclude/include/xil_io.h:209:38: note: expected 'UINTPTR' {aka 'unsigned int'} but argument is of type 'uint32_t *' {aka 'long unsigned int *'}
  209 | static INLINE void Xil_Out32(UINTPTR Addr, u32 Value)
      |                              ~~~~~~~~^~~~
../src/ascon_hw.c:51:15: warning: passing argument 1 of 'Xil_Out32' makes integer from pointer without a cast [-Wint-conversion]
   51 |     Xil_Out32((uint32_t *)(ptr + REG_CTRL_OFFSET), *((uint32_t *)&control_reg));
      |               ^~~~~~~~~~~~~~~~~~~~~~~~~~~~~~~~~~~
      |               |
      |               uint32_t * {aka long unsigned int *}
/home/monsud/Scrivania/ASCON-hw/workspace/design_ascon_wrapper/export/design_ascon_wrapper/sw/design_ascon_wrapper/standalone_ps7_cortexa9_0/bspinclude/include/xil_io.h:209:38: note: expected 'UINTPTR' {aka 'unsigned int'} but argument is of type 'uint32_t *' {aka 'long unsigned int *'}
  209 | static INLINE void Xil_Out32(UINTPTR Addr, u32 Value)
      |                              ~~~~~~~~^~~~
../src/ascon_hw.c:52:12: warning: too many arguments for format [-Wformat-extra-args]
   52 |     printf("Current register 1: %d\n", control_reg.start, control_reg.stop, control_reg.mode_select);
      |            ^~~~~~~~~~~~~~~~~~~~~~~~~~
../src/ascon_hw.c:55:5: warning: this 'for' clause does not guard... [-Wmisleading-indentation]
   55 |     for (Delay = 0; Delay < DELAY; Delay++);
      |     ^~~
../src/ascon_hw.c:57:9: note: ...this statement, but the latter is misleadingly indented as if it were guarded by the 'for'
   57 |         State current_state = (State)Xil_In32(ptr + REG_STATE_OFFSET);
      |         ^~~~~
../src/ascon_hw.c:57:51: warning: passing argument 1 of 'Xil_In32' makes integer from pointer without a cast [-Wint-conversion]
   57 |         State current_state = (State)Xil_In32(ptr + REG_STATE_OFFSET);
/home/monsud/Scrivania/ASCON-hw/workspace/design_ascon_wrapper/export/design_ascon_wrapper/sw/design_ascon_wrapper/standalone_ps7_cortexa9_0/bspinclude/include/xil_io.h:135:36: note: expected 'UINTPTR' {aka 'unsigned int'} but argument is of type 'uint8_t *' {aka 'unsigned char *'}
  135 | static INLINE u32 Xil_In32(UINTPTR Addr)
      |                            ~~~~~~~~^~~~
../src/ascon_hw.c:63:51: warning: passing argument 1 of 'Xil_In32' makes integer from pointer without a cast [-Wint-conversion]
   63 |         State current_state = (State)Xil_In32(ptr + REG_STATE_OFFSET);
/home/monsud/Scrivania/ASCON-hw/workspace/design_ascon_wrapper/export/design_ascon_wrapper/sw/design_ascon_wrapper/standalone_ps7_cortexa9_0/bspinclude/include/xil_io.h:135:36: note: expected 'UINTPTR' {aka 'unsigned int'} but argument is of type 'uint8_t *' {aka 'unsigned char *'}
  135 | static INLINE u32 Xil_In32(UINTPTR Addr)
      |                            ~~~~~~~~^~~~
../src/ascon_hw.c:71:12: warning: too many arguments for format [-Wformat-extra-args]
   71 |     printf("Current register 2: %d\n", control_reg.start, control_reg.stop, control_reg.mode_select);
      |            ^~~~~~~~~~~~~~~~~~~~~~~~~~
../src/ascon_hw.c:83:15: warning: passing argument 1 of 'Xil_Out32' makes integer from pointer without a cast [-Wint-conversion]
   83 |     Xil_Out32((uint32_t *)(ptr + REG_CTRL_OFFSET), *((uint32_t *)&control_reg));
      |               ^~~~~~~~~~~~~~~~~~~~~~~~~~~~~~~~~~~
      |               |
      |               uint32_t * {aka long unsigned int *}
/home/monsud/Scrivania/ASCON-hw/workspace/design_ascon_wrapper/export/design_ascon_wrapper/sw/design_ascon_wrapper/standalone_ps7_cortexa9_0/bspinclude/include/xil_io.h:209:38: note: expected 'UINTPTR' {aka 'unsigned int'} but argument is of type 'uint32_t *' {aka 'long unsigned int *'}
  209 | static INLINE void Xil_Out32(UINTPTR Addr, u32 Value)
      |                              ~~~~~~~~^~~~
../src/ascon_hw.c:90:34: warning: passing argument 1 of 'Xil_In32' makes integer from pointer without a cast [-Wint-conversion]
   90 |         ciphertext[i] = Xil_In32((uint32_t*)(ptr + REG_CT_0_OFFSET + i * sizeof(uint32_t)));
      |                                  ^~~~~~~~~~~~~~~~~~~~~~~~~~~~~~~~~~~~~~~~~~~~~~~~~~~~~~~~~
      |                                  |
      |                                  uint32_t * {aka long unsigned int *}
/home/monsud/Scrivania/ASCON-hw/workspace/design_ascon_wrapper/export/design_ascon_wrapper/sw/design_ascon_wrapper/standalone_ps7_cortexa9_0/bspinclude/include/xil_io.h:135:36: note: expected 'UINTPTR' {aka 'unsigned int'} but argument is of type 'uint32_t *' {aka 'long unsigned int *'}
  135 | static INLINE u32 Xil_In32(UINTPTR Addr)
      |                            ~~~~~~~~^~~~
Finished building: ../src/ascon_hw.c
 
Building target: ascon_app.elf
Invoking: ARM v7 gcc linker
arm-none-eabi-gcc -mcpu=cortex-a9 -mfpu=vfpv3 -mfloat-abi=hard -Wl,-build-id=none -specs=Xilinx.spec -Wl,-T -Wl,../src/lscript.ld -L/home/monsud/Scrivania/ASCON-hw/workspace/design_ascon_wrapper/export/design_ascon_wrapper/sw/design_ascon_wrapper/standalone_ps7_cortexa9_0/bsplib/lib -o "ascon_app.elf" ./src/ascon_lib/ascon-c32.o ./src/ascon_lib/ascon-clean.o ./src/ascon_lib/ascon-direct-xor.o ./src/ascon_lib/ascon-hash.o ./src/ascon_lib/ascon-hex.o ./src/ascon_lib/ascon-hmac.o ./src/ascon_lib/ascon-kmac.o ./src/ascon_lib/ascon-sliced32.o ./src/ascon_lib/ascon-xof.o  ./src/ascon_hw.o ./src/main.o ./src/platform.o   -Wl,--start-group,-lxil,-lgcc,-lc,--end-group
Finished building target: ascon_app.elf
 
Invoking: ARM v7 Print Size
arm-none-eabi-size ascon_app.elf  |tee "ascon_app.elf.size"
   text	   data	    bss	    dec	    hex	filename
  86707	   2552	  22632	 111891	  1b513	ascon_app.elf
Finished building: ascon_app.elf.size
 
20:29:20 **** Incremental Build of configuration Hardware for project ascon_app_system ****
make all 
Generating bif file for the system project
Executing command '::scw::generate_bif -xpfm /home/monsud/Scrivania/ASCON-hw/workspace/design_ascon_wrapper/export/design_ascon_wrapper/design_ascon_wrapper.xpfm -domains standalone_ps7_cortexa9_0 -bifpath /home/monsud/Scrivania/ASCON-hw/workspace/ascon_app_system/Hardware/system.bif' on XSCT
sdcard_gen --xpfm /home/monsud/Scrivania/ASCON-hw/workspace/design_ascon_wrapper/export/design_ascon_wrapper/design_ascon_wrapper.xpfm --sys_config design_ascon_wrapper --bif /home/monsud/Scrivania/ASCON-hw/workspace/ascon_app_system/Hardware/system.bif --bitstream /home/monsud/Scrivania/ASCON-hw/workspace/ascon_app/_ide/bitstream/design_ascon_wrapper.bit --elf /home/monsud/Scrivania/ASCON-hw/workspace/ascon_app/Debug/ascon_app.elf,ps7_cortexa9_0
creating BOOT.BIN using /home/monsud/Scrivania/ASCON-hw/workspace/ascon_app/_ide/bitstream/design_ascon_wrapper.bit
Running /home/monsud/Xilinx/Vitis/2023.2/bin/bootgen  -image /home/monsud/Scrivania/ASCON-hw/workspace/ascon_app_system/Hardware/sd_card_temp/boot.bif -w -o i BOOT.BIN
